code
intellij-idea-community
slack
inkscape
gimp
vlc
skype