code
intellij-idea-community
slack
inkscape
gimp
vlc
skype
vlc
notepad-plus-plus